dev.punchcafe.sefizzbuzz.cli.process.BrowseTest.handlesExceptionsWithSimpleMessage=[
  [
    "something went wrong while browsing: Test Generated Exception!"
  ]
]


dev.punchcafe.sefizzbuzz.cli.process.BrowseTest.onUnknownCommandUserIsPromptedAgain=[
  [
    "PAGE     :  1  Displaying : 5 entities per page \n 1 . 1                     2 . 2                     3 . Fizz                  \n4 . 4                     5 . Buzz                  \n enter help for list of instructions",
    "available commands are: p, n, psize NUM, pjump NUM, help, exit"
  ]
]


dev.punchcafe.sefizzbuzz.cli.process.BrowseTest.userCanBrowse=[
  [
    "PAGE     :  1  Displaying : 5 entities per page \n 1 . 1                     2 . 2                     3 . Fizz                  \n4 . 4                     5 . Buzz                  \n enter help for list of instructions"
  ]
]


dev.punchcafe.sefizzbuzz.cli.process.BrowseTest.userCanChangePage=[
  [
    "PAGE     :  1  Displaying : 5 entities per page \n 1 . 1                     2 . 2                     3 . Fizz                  \n4 . 4                     5 . Buzz                  \n enter help for list of instructions",
    "PAGE     :  2  Displaying : 5 entities per page \n 6 . Fizz                  7 . 7                     8 . 8                     \n9 . Fizz                  10 . Buzz                  \n enter help for list of instructions"
  ]
]


dev.punchcafe.sefizzbuzz.cli.process.BrowseTest.userCanChangePageAndReturn=[
  [
    "PAGE     :  1  Displaying : 5 entities per page \n 1 . 1                     2 . 2                     3 . Fizz                  \n4 . 4                     5 . Buzz                  \n enter help for list of instructions",
    "PAGE     :  2  Displaying : 5 entities per page \n 6 . Fizz                  7 . 7                     8 . 8                     \n9 . Fizz                  10 . Buzz                  \n enter help for list of instructions",
    "PAGE     :  1  Displaying : 5 entities per page \n 1 . 1                     2 . 2                     3 . Fizz                  \n4 . 4                     5 . Buzz                  \n enter help for list of instructions"
  ]
]


dev.punchcafe.sefizzbuzz.cli.process.BrowseTest.userCanChangePageSize=[
  [
    "PAGE     :  1  Displaying : 5 entities per page \n 1 . 1                     2 . 2                     3 . Fizz                  \n4 . 4                     5 . Buzz                  \n enter help for list of instructions",
    "PAGE     :  1  Displaying : 6 entities per page \n 1 . 1                     2 . 2                     3*. Fizz                  \n4 . 4                     5 . Buzz                  6 . Fizz                  \n enter help for list of instructions"
  ]
]


dev.punchcafe.sefizzbuzz.cli.process.BrowseTest.userCanJumpPages=[
  [
    "PAGE     :  1  Displaying : 5 entities per page \n 1 . 1                     2 . 2                     3 . Fizz                  \n4 . 4                     5 . Buzz                  \n enter help for list of instructions",
    "PAGE     :  3  Displaying : 5 entities per page \n 11 . 11                    12 . Fizz                  13 . 13                    \n14 . 14                    15 . FizzBuzz              \n enter help for list of instructions"
  ]
]


dev.punchcafe.sefizzbuzz.cli.process.BrowseTest.userCanQueryHelp=[
  [
    "PAGE     :  1  Displaying : 5 entities per page \n 1 . 1                     2 . 2                     3 . Fizz                  \n4 . 4                     5 . Buzz                  \n enter help for list of instructions",
    "available commands are: p, n, psize NUM, pjump NUM, help, exit"
  ]
]


dev.punchcafe.sefizzbuzz.cli.process.BrowseTest.userCantGoBeforePageOne=[
  [
    "PAGE     :  1  Displaying : 5 entities per page \n 1 . 1                     2 . 2                     3 . Fizz                  \n4 . 4                     5 . Buzz                  \n enter help for list of instructions",
    "PAGE     :  1  Displaying : 5 entities per page \n 1 . 1                     2 . 2                     3 . Fizz                  \n4 . 4                     5 . Buzz                  \n enter help for list of instructions"
  ]
]